// Jest Snapshot v1, https://goo.gl/fbAQLP

exports[`renders Modal component 1`] = `null`;
